Flow report for HddFddp_vclc
Sun Oct 11 19:04:37 2015
Quartus II Version 9.0 Build 132 02/25/2009 SJ Full Version


---------------------
; Table of Contents ;
---------------------
  1. Legal Notice
  2. Flow Summary
  3. Flow Settings
  4. Flow Non-Default Global Settings
  5. Flow Elapsed Time
  6. Flow OS Summary
  7. Flow Log



----------------
; Legal Notice ;
----------------
Copyright (C) 1991-2009 Altera Corporation
Your use of Altera Corporation's design tools, logic functions 
and other software and tools, and its AMPP partner logic 
functions, and any output files from any of the foregoing 
(including device programming or simulation files), and any 
associated documentation or information are expressly subject 
to the terms and conditions of the Altera Program License 
Subscription Agreement, Altera MegaCore Function License 
Agreement, or other applicable license agreement, including, 
without limitation, that your use is for the sole purpose of 
programming logic devices manufactured by Altera and sold by 
Altera or its authorized distributors.  Please refer to the 
applicable agreement for further details.



+--------------------------------------------------------------------+
; Flow Summary                                                       ;
+-------------------------+------------------------------------------+
; Flow Status             ; Successful - Sun Oct 11 19:04:37 2015    ;
; Quartus II Version      ; 9.0 Build 132 02/25/2009 SJ Full Version ;
; Revision Name           ; HddFddp_vclc                             ;
; Top-level Entity Name   ; HddFddp_vclc                             ;
; Family                  ; MAX7000S                                 ;
; Device                  ; EPM7128SLC84-15                          ;
; Timing Models           ; Final                                    ;
; Met timing requirements ; Yes                                      ;
; Total macrocells        ; 94 / 128 ( 73 % )                        ;
; Total pins              ; 68 / 68 ( 100 % )                        ;
+-------------------------+------------------------------------------+


+-----------------------------------------+
; Flow Settings                           ;
+-------------------+---------------------+
; Option            ; Setting             ;
+-------------------+---------------------+
; Start date & time ; 10/11/2015 19:04:30 ;
; Main task         ; Compilation         ;
; Revision Name     ; HddFddp_vclc        ;
+-------------------+---------------------+


+-----------------------------------------------------------------------------------------------------------------------------+
; Flow Non-Default Global Settings                                                                                            ;
+--------------------------+---------------------------------------------------+---------------+-------------+----------------+
; Assignment Name          ; Value                                             ; Default Value ; Entity Name ; Section Id     ;
+--------------------------+---------------------------------------------------+---------------+-------------+----------------+
; COMPILER_SIGNATURE_ID    ; 18413740489792.144456507008672                    ; --            ; --          ; --             ;
; EDA_OUTPUT_DATA_FORMAT   ; Vhdl                                              ; --            ; --          ; eda_simulation ;
; EDA_SIMULATION_TOOL      ; ModelSim (VHDL)                                   ; <None>        ; --          ; --             ;
; MISC_FILE                ; K:/msx/ALTERA_S_MSX/hddfddp_vclc/HddFddp_vclc.dpf ; --            ; --          ; --             ;
; PROJECT_OUTPUT_DIRECTORY ; output_files                                      ; --            ; --          ; --             ;
+--------------------------+---------------------------------------------------+---------------+-------------+----------------+


+-----------------------------------------------------------------------------------------------------------------------------+
; Flow Elapsed Time                                                                                                           ;
+-------------------------+--------------+-------------------------+---------------------+------------------------------------+
; Module Name             ; Elapsed Time ; Average Processors Used ; Peak Virtual Memory ; Total CPU Time (on all processors) ;
+-------------------------+--------------+-------------------------+---------------------+------------------------------------+
; Analysis & Synthesis    ; 00:00:02     ; 1.0                     ; 238 MB              ; 00:00:01                           ;
; Fitter                  ; 00:00:00     ; 1.0                     ; 190 MB              ; 00:00:01                           ;
; Assembler               ; 00:00:01     ; 1.0                     ; 190 MB              ; 00:00:01                           ;
; Classic Timing Analyzer ; 00:00:00     ; 1.0                     ; 164 MB              ; 00:00:00                           ;
; EDA Netlist Writer      ; 00:00:00     ; 1.0                     ; 161 MB              ; 00:00:00                           ;
; Total                   ; 00:00:03     ; --                      ; --                  ; 00:00:03                           ;
+-------------------------+--------------+-------------------------+---------------------+------------------------------------+


+------------------------------------------------------------------------------------------+
; Flow OS Summary                                                                          ;
+-------------------------+------------------+---------------+------------+----------------+
; Module Name             ; Machine Hostname ; OS Name       ; OS Version ; Processor type ;
+-------------------------+------------------+---------------+------------+----------------+
; Analysis & Synthesis    ; magic003         ; Windows Vista ; 6.1        ; x86_64         ;
; Fitter                  ; magic003         ; Windows Vista ; 6.1        ; x86_64         ;
; Assembler               ; magic003         ; Windows Vista ; 6.1        ; x86_64         ;
; Classic Timing Analyzer ; magic003         ; Windows Vista ; 6.1        ; x86_64         ;
; EDA Netlist Writer      ; magic003         ; Windows Vista ; 6.1        ; x86_64         ;
+-------------------------+------------------+---------------+------------+----------------+


------------
; Flow Log ;
------------
quartus_map --read_settings_files=on --write_settings_files=off HddFddp_vclc -c HddFddp_vclc
quartus_fit --read_settings_files=off --write_settings_files=off HddFddp_vclc -c HddFddp_vclc
quartus_asm --read_settings_files=off --write_settings_files=off HddFddp_vclc -c HddFddp_vclc
quartus_tan --read_settings_files=off --write_settings_files=off HddFddp_vclc -c HddFddp_vclc
quartus_eda --read_settings_files=off --write_settings_files=off HddFddp_vclc -c HddFddp_vclc



